// Jest Snapshot v1, https://goo.gl/fbAQLP

exports[`Deep set Should match snapshot 1`] = `
Array [
  Object {
    "age": 99,
    "name": "Tom",
  },
  Object {
    "age": 100,
    "name": "Bob",
  },
]
`;
